Token{value===, text===, type=EQ}
Token{value=/, text=/, type=DIV}
Token{value=+, text=+, type=PLUS}
Token{value=-, text=-, type=MINUS}
Token{value=*, text=*, type=MUL}
Token{value=*=, text=*=, type=MUL_ASSIGN}
Token{value=/=, text=/=, type=DIV_ASSIGN}
Token{value=&&, text=&&, type=AND}
Token{value=||, text=||, type=OR}
Token{value=++, text=++, type=INC}
Token{value=--, text=--, type=DEC}
Token{value=~, text=~, type=NOT_B}
Token{value=^, text=^, type=XOR}
